--- Starting Full Scraper Integration Test ---

[1/5] Attempting login with NIM: 2306033...
[1/5] Login successful!

[2/5] Fetching user profile...
[2/5] Successfully fetched profile.
User {
    name: "ANDIKA EKA KURNIA",
    nim: "2306033",
}


[3/5] Fetching course list...
[3/5] Successfully fetched 8 courses.

--------------------------------------------------
[4/5] Fetching details for first course: PROYEK KONSULTANSI...
[4/5] Successfully fetched course details.
DetailCourse {
    course_info: Course {
        id: 2510009533,
        code: "PT502",
        name: "PROYEK KONSULTANSI",
        credits: 4,
        lecturer: "RADITYA MUHAMMAD, S.T., M.T.",
        academic_year: "2025/2026 - Ganjil",
        href: "/mhs/dashboard/2510009533",
    },
    description: "Pembelajaran perkuliahan berbasis proyek dengan tema \"Penerapan Teknologi Tepat Guna berbasis Perangkat Lunak\" berfokus pada pengembangan solusi teknologi yang dapat mengoptimalkan kemandirian dan kesejahteraan masyarakat serta memenuhi kebutuhan Industri dan Dunia Kerja (IDUKA). Mahasiswa bekerja dalam tim untuk merancang, mengembangkan, dan menerapkan perangkat lunak inovatif yang sesuai dengan kebutuhan masyarakat dan IDUKA. Proyek ini tidak hanya meningkatkan keterampilan teknis mahasiswa, tetapi juga mengintegrasikan nilai-nilai kemandirian dan keberlanjutan dalam masyarakat dan diharapkan dapat menjadi penghubung kesenjangan antara akademisi\u{a0}dan\u{a0}industri.",
    rps: Rps {
        id: Some(
            2510009533,
        ),
        href: Some(
            "/mhs/rps/2510009533",
        ),
    },
    topics: [
        TopicInfo {
            id: Some(
                1370508,
            ),
            course_id: Some(
                2510009533,
            ),
            access_time: Some(
                2025-09-04T07:00:00,
            ),
            is_accessible: true,
            href: Some(
                "/mhs/topik/2510009533/1370508",
            ),
        },
        TopicInfo {
            id: Some(
                1370509,
            ),
            course_id: Some(
                2510009533,
            ),
            access_time: Some(
                2025-09-11T07:00:00,
            ),
            is_accessible: true,
            href: Some(
                "/mhs/topik/2510009533/1370509",
            ),
        },
        TopicInfo {
            id: Some(
                1370510,
            ),
            course_id: Some(
                2510009533,
            ),
            access_time: Some(
                2025-09-18T07:00:00,
            ),
            is_accessible: true,
            href: Some(
                "/mhs/topik/2510009533/1370510",
            ),
        },
        TopicInfo {
            id: Some(
                1370511,
            ),
            course_id: Some(
                2510009533,
            ),
            access_time: Some(
                2025-09-25T07:00:00,
            ),
            is_accessible: true,
            href: Some(
                "/mhs/topik/2510009533/1370511",
            ),
        },
        TopicInfo {
            id: Some(
                1370512,
            ),
            course_id: Some(
                2510009533,
            ),
            access_time: Some(
                2025-10-02T07:00:00,
            ),
            is_accessible: true,
            href: Some(
                "/mhs/topik/2510009533/1370512",
            ),
        },
        TopicInfo {
            id: Some(
                1370513,
            ),
            course_id: Some(
                2510009533,
            ),
            access_time: Some(
                2025-10-09T07:00:00,
            ),
            is_accessible: true,
            href: Some(
                "/mhs/topik/2510009533/1370513",
            ),
        },
        TopicInfo {
            id: Some(
                1370514,
            ),
            course_id: Some(
                2510009533,
            ),
            access_time: Some(
                2025-10-16T07:00:00,
            ),
            is_accessible: true,
            href: Some(
                "/mhs/topik/2510009533/1370514",
            ),
        },
        TopicInfo {
            id: Some(
                1370515,
            ),
            course_id: Some(
                2510009533,
            ),
            access_time: Some(
                2025-10-23T07:00:00,
            ),
            is_accessible: true,
            href: Some(
                "/mhs/topik/2510009533/1370515",
            ),
        },
        TopicInfo {
            id: Some(
                1370516,
            ),
            course_id: Some(
                2510009533,
            ),
            access_time: Some(
                2025-10-30T07:00:00,
            ),
            is_accessible: true,
            href: Some(
                "/mhs/topik/2510009533/1370516",
            ),
        },
        TopicInfo {
            id: Some(
                1370517,
            ),
            course_id: Some(
                2510009533,
            ),
            access_time: Some(
                2025-11-06T07:00:00,
            ),
            is_accessible: true,
            href: Some(
                "/mhs/topik/2510009533/1370517",
            ),
        },
        TopicInfo {
            id: Some(
                1370518,
            ),
            course_id: Some(
                2510009533,
            ),
            access_time: Some(
                2025-11-13T07:00:00,
            ),
            is_accessible: true,
            href: Some(
                "/mhs/topik/2510009533/1370518",
            ),
        },
        TopicInfo {
            id: Some(
                1370519,
            ),
            course_id: Some(
                2510009533,
            ),
            access_time: Some(
                2025-11-20T07:00:00,
            ),
            is_accessible: true,
            href: Some(
                "/mhs/topik/2510009533/1370519",
            ),
        },
        TopicInfo {
            id: Some(
                1370520,
            ),
            course_id: Some(
                2510009533,
            ),
            access_time: Some(
                2025-11-27T07:00:00,
            ),
            is_accessible: true,
            href: Some(
                "/mhs/topik/2510009533/1370520",
            ),
        },
        TopicInfo {
            id: Some(
                1370521,
            ),
            course_id: Some(
                2510009533,
            ),
            access_time: Some(
                2025-12-04T07:00:00,
            ),
            is_accessible: true,
            href: Some(
                "/mhs/topik/2510009533/1370521",
            ),
        },
        TopicInfo {
            id: None,
            course_id: None,
            access_time: Some(
                2025-12-11T07:00:00,
            ),
            is_accessible: false,
            href: None,
        },
        TopicInfo {
            id: None,
            course_id: None,
            access_time: Some(
                2025-12-18T07:00:00,
            ),
            is_accessible: false,
            href: None,
        },
    ],
}

[5/5] Fetching details for the first accessible topic...
[5/5] Successfully fetched topic details.
TopicDetail {
    id: 1370508,
    access_time: Some(
        2025-09-04T07:00:00,
    ),
    is_accessible: true,
    href: "/mhs/topik/2510009533/1370508",
    description: Some(
        "Mahasiswa mampu mengidentifikasi calon mitra, serta membangun kerjasama tim.",
    ),
    contents: [
        Content {
            id: 0,
            youtube_id: None,
            raw_html: "\n                          <h4>Buku Panduan Proyek Konsultansi</h4>\n                          <p>Sumber tim Proyek Konsultansi UPI</p>\n                                        <p><a href=\"/mhs/download/2510009533/1370508/163205\" target=\"_blank\">\n                      <button class=\"btn btn-warning\" data-toggle=\"modal\"><i class=\"fa fa-paperclip\"></i> Download File Materi</button></a>\n                    </p>\n\n                    <!-- <p><a href=\"/uploads/materi/20241/920190219920507101/1726542601_Panduan Perkuliahan Proyek Konsultasi UPI 2021_.pdf\" target=\"_blank\">\n                      <button class=\"btn btn-warning\" data-toggle=\"modal\"><i class=\"fa fa-paperclip\"></i> Download File Materi</button></a>\n                    </p> -->\n\n                    \n                        ",
        },
    ],
    tasks: [],
}

--- Integration Test Completed Successfully ---
